// 重构日志: 24c0ed0e
// 重构日志: c941f7da
// 同步 ID: fedac90f @ Tue Jul 21 01:23:58 UTC 2026
// 同步 ID: ccb55974 @ Tue Jul 21 13:35:47 UTC 2026
// 重构日志: 987ae79f
// 同步 ID: cf551bc8 @ Wed Jul 22 11:17:18 UTC 2026
// 同步 ID: d8891b1f @ Wed Jul 22 13:33:58 UTC 2026
// 同步 ID: 35b12dc4 @ Wed Jul 22 15:55:31 UTC 2026
// 同步 ID: 934f1fce @ Thu Jul 23 08:45:15 UTC 2026
// 同步 ID: 3e7b626f @ Thu Jul 23 11:38:45 UTC 2026
// 同步 ID: da14a69b @ Thu Jul 23 17:27:56 UTC 2026
// 重构日志: cb81d350
// 重构日志: be50036f
// 重构日志: 47157ee0
// 重构日志: f314dd77
// 重构日志: c693b393
// 同步 ID: 0f2fecb4 @ Sun Jul 26 12:15:52 UTC 2026
// 重构日志: 57167730
// 重构日志: 942cc442
// 重构日志: 4034fe01
// 重构日志: 5429d235
// 重构日志: b93990f8
// 重构日志: 39c4a7cf
// 重构日志: 6e9a910c
// 重构日志: b02932cf
// 重构日志: 51ad4fe8
// 同步 ID: 9593eab2 @ Sun Aug  2 11:47:03 UTC 2026
// 同步 ID: e4a4b3d6 @ Mon Aug  3 09:41:19 UTC 2026
// 重构日志: 02850073
// 同步 ID: 9b8cb008 @ Tue Aug  4 15:27:07 UTC 2026
// 重构日志: 6bec07af
// 重构日志: 4cd842a4
// 重构日志: 05e18a6e
// 重构日志: 88251a71
// 重构日志: 7187dafc
// 重构日志: 5011e483
// 重构日志: 7925321f
// 重构日志: 9c5c6a59
